[INFO ] Started... (stm32f411x_scsi_bbb src/bin/stm32f411x_scsi_bbb.rs:68)
[DEBUG] Suspending bus (usb_device usb-device-0.3.2/src/macros.rs:10)
[TRACE] Control pipe reset (usb_device usb-device-0.3.2/src/macros.rs:9)
[TRACE] usb: bbb: Recv reset (usbd_storage usbd-storage/src/fmt.rs:8)
[TRACE] usb: bbb: enter CommandTransfer (usbd_storage usbd-storage/src/fmt.rs:8)
[DEBUG] EP0: setup=1, in_complete=0, out=0 (usb_device usb-device-0.3.2/src/macros.rs:10)
[TRACE] Read 8 bytes on EP0-OUT: [128, 6, 0, 1, 0, 0, 64, 0] (usb_device usb-device-0.3.2/src/macros.rs:9)
[DEBUG] EP0 request received: Request { direction: In, request_type: Standard, recipient: Device, request: 6, value: 256, index: 0, length: 64 } (usb_device usb-device-0.3.2/src/macros.rs:10)
[TRACE] Processing Device::GetDescriptor (usb_device usb-device-0.3.2/src/macros.rs:9)
[TRACE] wrote EP0: [18, 1, 16, 2, 0, 0, 0, 8] (usb_device usb-device-0.3.2/src/macros.rs:9)
[TRACE] usb: bbb: poll (usbd_storage usbd-storage/src/fmt.rs:8)
[TRACE] usb: bbb: Read bytes: WOULD_BLOCK (usbd_storage usbd-storage/src/fmt.rs:8)
[TRACE] usb: scsi: poll (usbd_storage usbd-storage/src/fmt.rs:8)
[DEBUG] EP0: setup=0, in_complete=1, out=0 (usb_device usb-device-0.3.2/src/macros.rs:10)
[TRACE] wrote EP0: [205, 171, 205, 171, 16, 0, 1, 2] (usb_device usb-device-0.3.2/src/macros.rs:9)
[TRACE] usb: bbb: poll (usbd_storage usbd-storage/src/fmt.rs:8)
[TRACE] usb: bbb: Read bytes: WOULD_BLOCK (usbd_storage usbd-storage/src/fmt.rs:8)
[TRACE] usb: scsi: poll (usbd_storage usbd-storage/src/fmt.rs:8)
[DEBUG] EP0: setup=0, in_complete=0, out=1 (usb_device usb-device-0.3.2/src/macros.rs:10)
[DEBUG] Control transfer completed. Current state: DataIn (usb_device usb-device-0.3.2/src/macros.rs:10)
[TRACE] usb: bbb: poll (usbd_storage usbd-storage/src/fmt.rs:8)
[TRACE] usb: bbb: Read bytes: WOULD_BLOCK (usbd_storage usbd-storage/src/fmt.rs:8)
[TRACE] usb: scsi: poll (usbd_storage usbd-storage/src/fmt.rs:8)
[DEBUG] EP0: setup=0, in_complete=0, out=1 (usb_device usb-device-0.3.2/src/macros.rs:10)
[DEBUG] Discarding EP0 data due to unexpected state. Current state: Idle (usb_device usb-device-0.3.2/src/macros.rs:10)
[DEBUG] EP0 stalled - error (usb_device usb-device-0.3.2/src/macros.rs:10)
[TRACE] usb: bbb: poll (usbd_storage usbd-storage/src/fmt.rs:8)
[TRACE] usb: bbb: Read bytes: WOULD_BLOCK (usbd_storage usbd-storage/src/fmt.rs:8)
[TRACE] usb: scsi: poll (usbd_storage usbd-storage/src/fmt.rs:8)
[TRACE] Control pipe reset (usb_device usb-device-0.3.2/src/macros.rs:9)
[TRACE] usb: bbb: Recv reset (usbd_storage usbd-storage/src/fmt.rs:8)
[TRACE] usb: bbb: enter CommandTransfer (usbd_storage usbd-storage/src/fmt.rs:8)
[DEBUG] EP0: setup=1, in_complete=0, out=0 (usb_device usb-device-0.3.2/src/macros.rs:10)
[TRACE] Read 8 bytes on EP0-OUT: [0, 5, 21, 0, 0, 0, 0, 0] (usb_device usb-device-0.3.2/src/macros.rs:9)
[DEBUG] EP0 request received: Request { direction: Out, request_type: Standard, recipient: Device, request: 5, value: 21, index: 0, length: 0 } (usb_device usb-device-0.3.2/src/macros.rs:10)
[DEBUG] Setting device address to 21 (usb_device usb-device-0.3.2/src/macros.rs:10)
[TRACE] usb: bbb: poll (usbd_storage usbd-storage/src/fmt.rs:8)
[TRACE] usb: bbb: Read bytes: WOULD_BLOCK (usbd_storage usbd-storage/src/fmt.rs:8)
[TRACE] usb: scsi: poll (usbd_storage usbd-storage/src/fmt.rs:8)
[DEBUG] EP0: setup=0, in_complete=1, out=0 (usb_device usb-device-0.3.2/src/macros.rs:10)
[TRACE] usb: bbb: poll (usbd_storage usbd-storage/src/fmt.rs:8)
[TRACE] usb: bbb: Read bytes: WOULD_BLOCK (usbd_storage usbd-storage/src/fmt.rs:8)
[TRACE] usb: scsi: poll (usbd_storage usbd-storage/src/fmt.rs:8)
[DEBUG] EP0: setup=1, in_complete=0, out=0 (usb_device usb-device-0.3.2/src/macros.rs:10)
[TRACE] Read 8 bytes on EP0-OUT: [128, 6, 0, 1, 0, 0, 18, 0] (usb_device usb-device-0.3.2/src/macros.rs:9)
[DEBUG] EP0 request received: Request { direction: In, request_type: Standard, recipient: Device, request: 6, value: 256, index: 0, length: 18 } (usb_device usb-device-0.3.2/src/macros.rs:10)
[TRACE] Processing Device::GetDescriptor (usb_device usb-device-0.3.2/src/macros.rs:9)
[TRACE] wrote EP0: [18, 1, 16, 2, 0, 0, 0, 8] (usb_device usb-device-0.3.2/src/macros.rs:9)
[TRACE] usb: bbb: poll (usbd_storage usbd-storage/src/fmt.rs:8)
[TRACE] usb: bbb: Read bytes: WOULD_BLOCK (usbd_storage usbd-storage/src/fmt.rs:8)
[TRACE] usb: scsi: poll (usbd_storage usbd-storage/src/fmt.rs:8)
[DEBUG] EP0: setup=0, in_complete=1, out=0 (usb_device usb-device-0.3.2/src/macros.rs:10)
[TRACE] wrote EP0: [205, 171, 205, 171, 16, 0, 1, 2] (usb_device usb-device-0.3.2/src/macros.rs:9)
[TRACE] usb: bbb: poll (usbd_storage usbd-storage/src/fmt.rs:8)
[TRACE] usb: bbb: Read bytes: WOULD_BLOCK (usbd_storage usbd-storage/src/fmt.rs:8)
[TRACE] usb: scsi: poll (usbd_storage usbd-storage/src/fmt.rs:8)
[DEBUG] EP0: setup=0, in_complete=1, out=0 (usb_device usb-device-0.3.2/src/macros.rs:10)
[TRACE] wrote EP0: [3, 1] (usb_device usb-device-0.3.2/src/macros.rs:9)
[TRACE] usb: bbb: poll (usbd_storage usbd-storage/src/fmt.rs:8)
[TRACE] usb: bbb: Read bytes: WOULD_BLOCK (usbd_storage usbd-storage/src/fmt.rs:8)
[TRACE] usb: scsi: poll (usbd_storage usbd-storage/src/fmt.rs:8)
[DEBUG] EP0: setup=0, in_complete=1, out=1 (usb_device usb-device-0.3.2/src/macros.rs:10)
[DEBUG] Control transfer completed. Current state: DataInLast (usb_device usb-device-0.3.2/src/macros.rs:10)
[TRACE] usb: bbb: poll (usbd_storage usbd-storage/src/fmt.rs:8)
[TRACE] usb: bbb: Read bytes: WOULD_BLOCK (usbd_storage usbd-storage/src/fmt.rs:8)
[TRACE] usb: scsi: poll (usbd_storage usbd-storage/src/fmt.rs:8)
[DEBUG] EP0: setup=1, in_complete=0, out=0 (usb_device usb-device-0.3.2/src/macros.rs:10)
[TRACE] Read 8 bytes on EP0-OUT: [128, 6, 0, 15, 0, 0, 5, 0] (usb_device usb-device-0.3.2/src/macros.rs:9)
[DEBUG] EP0 request received: Request { direction: In, request_type: Standard, recipient: Device, request: 6, value: 3840, index: 0, length: 5 } (usb_device usb-device-0.3.2/src/macros.rs:10)
[TRACE] Processing Device::GetDescriptor (usb_device usb-device-0.3.2/src/macros.rs:9)
[TRACE] wrote EP0: [5, 15, 12, 0, 1] (usb_device usb-device-0.3.2/src/macros.rs:9)
[TRACE] usb: bbb: poll (usbd_storage usbd-storage/src/fmt.rs:8)
[TRACE] usb: bbb: Read bytes: WOULD_BLOCK (usbd_storage usbd-storage/src/fmt.rs:8)
[TRACE] usb: scsi: poll (usbd_storage usbd-storage/src/fmt.rs:8)
[DEBUG] EP0: setup=0, in_complete=1, out=0 (usb_device usb-device-0.3.2/src/macros.rs:10)
[TRACE] usb: bbb: poll (usbd_storage usbd-storage/src/fmt.rs:8)
[TRACE] usb: bbb: Read bytes: WOULD_BLOCK (usbd_storage usbd-storage/src/fmt.rs:8)
[TRACE] usb: scsi: poll (usbd_storage usbd-storage/src/fmt.rs:8)
[DEBUG] EP0: setup=0, in_complete=0, out=1 (usb_device usb-device-0.3.2/src/macros.rs:10)
[DEBUG] Control transfer completed. Current state: StatusOut (usb_device usb-device-0.3.2/src/macros.rs:10)
[TRACE] usb: bbb: poll (usbd_storage usbd-storage/src/fmt.rs:8)
[TRACE] usb: bbb: Read bytes: WOULD_BLOCK (usbd_storage usbd-storage/src/fmt.rs:8)
[TRACE] usb: scsi: poll (usbd_storage usbd-storage/src/fmt.rs:8)
[DEBUG] EP0: setup=1, in_complete=0, out=0 (usb_device usb-device-0.3.2/src/macros.rs:10)
[TRACE] Read 8 bytes on EP0-OUT: [128, 6, 0, 15, 0, 0, 12, 0] (usb_device usb-device-0.3.2/src/macros.rs:9)
[DEBUG] EP0 request received: Request { direction: In, request_type: Standard, recipient: Device, request: 6, value: 3840, index: 0, length: 12 } (usb_device usb-device-0.3.2/src/macros.rs:10)
[TRACE] Processing Device::GetDescriptor (usb_device usb-device-0.3.2/src/macros.rs:9)
[TRACE] wrote EP0: [5, 15, 12, 0, 1, 7, 16, 2] (usb_device usb-device-0.3.2/src/macros.rs:9)
[TRACE] usb: bbb: poll (usbd_storage usbd-storage/src/fmt.rs:8)
[TRACE] usb: bbb: Read bytes: WOULD_BLOCK (usbd_storage usbd-storage/src/fmt.rs:8)
[TRACE] usb: scsi: poll (usbd_storage usbd-storage/src/fmt.rs:8)
[DEBUG] EP0: setup=0, in_complete=1, out=0 (usb_device usb-device-0.3.2/src/macros.rs:10)
[TRACE] wrote EP0: [0, 0, 0, 0] (usb_device usb-device-0.3.2/src/macros.rs:9)
[TRACE] usb: bbb: poll (usbd_storage usbd-storage/src/fmt.rs:8)
[TRACE] usb: bbb: Read bytes: WOULD_BLOCK (usbd_storage usbd-storage/src/fmt.rs:8)
[TRACE] usb: scsi: poll (usbd_storage usbd-storage/src/fmt.rs:8)
[DEBUG] EP0: setup=0, in_complete=1, out=1 (usb_device usb-device-0.3.2/src/macros.rs:10)
[DEBUG] Control transfer completed. Current state: DataInLast (usb_device usb-device-0.3.2/src/macros.rs:10)
[TRACE] usb: bbb: poll (usbd_storage usbd-storage/src/fmt.rs:8)
[TRACE] usb: bbb: Read bytes: WOULD_BLOCK (usbd_storage usbd-storage/src/fmt.rs:8)
[TRACE] usb: scsi: poll (usbd_storage usbd-storage/src/fmt.rs:8)
[DEBUG] EP0: setup=1, in_complete=0, out=0 (usb_device usb-device-0.3.2/src/macros.rs:10)
[TRACE] Read 8 bytes on EP0-OUT: [128, 6, 0, 6, 0, 0, 10, 0] (usb_device usb-device-0.3.2/src/macros.rs:9)
[DEBUG] EP0 request received: Request { direction: In, request_type: Standard, recipient: Device, request: 6, value: 1536, index: 0, length: 10 } (usb_device usb-device-0.3.2/src/macros.rs:10)
[TRACE] Processing Device::GetDescriptor (usb_device usb-device-0.3.2/src/macros.rs:9)
[DEBUG] EP0 transfer rejected (usb_device usb-device-0.3.2/src/macros.rs:10)
[DEBUG] EP0 stalled - error (usb_device usb-device-0.3.2/src/macros.rs:10)
[TRACE] usb: bbb: poll (usbd_storage usbd-storage/src/fmt.rs:8)
[TRACE] usb: bbb: Read bytes: WOULD_BLOCK (usbd_storage usbd-storage/src/fmt.rs:8)
[TRACE] usb: scsi: poll (usbd_storage usbd-storage/src/fmt.rs:8)
[DEBUG] EP0: setup=1, in_complete=0, out=0 (usb_device usb-device-0.3.2/src/macros.rs:10)
[TRACE] Read 8 bytes on EP0-OUT: [128, 6, 0, 6, 0, 0, 10, 0] (usb_device usb-device-0.3.2/src/macros.rs:9)
[DEBUG] EP0 request received: Request { direction: In, request_type: Standard, recipient: Device, request: 6, value: 1536, index: 0, length: 10 } (usb_device usb-device-0.3.2/src/macros.rs:10)
[TRACE] Processing Device::GetDescriptor (usb_device usb-device-0.3.2/src/macros.rs:9)
[DEBUG] EP0 transfer rejected (usb_device usb-device-0.3.2/src/macros.rs:10)
[DEBUG] EP0 stalled - error (usb_device usb-device-0.3.2/src/macros.rs:10)
[TRACE] usb: bbb: poll (usbd_storage usbd-storage/src/fmt.rs:8)
[TRACE] usb: bbb: Read bytes: WOULD_BLOCK (usbd_storage usbd-storage/src/fmt.rs:8)
[TRACE] usb: scsi: poll (usbd_storage usbd-storage/src/fmt.rs:8)
[DEBUG] EP0: setup=1, in_complete=0, out=0 (usb_device usb-device-0.3.2/src/macros.rs:10)
[TRACE] Read 8 bytes on EP0-OUT: [128, 6, 0, 6, 0, 0, 10, 0] (usb_device usb-device-0.3.2/src/macros.rs:9)
[DEBUG] EP0 request received: Request { direction: In, request_type: Standard, recipient: Device, request: 6, value: 1536, index: 0, length: 10 } (usb_device usb-device-0.3.2/src/macros.rs:10)
[TRACE] Processing Device::GetDescriptor (usb_device usb-device-0.3.2/src/macros.rs:9)
[DEBUG] EP0 transfer rejected (usb_device usb-device-0.3.2/src/macros.rs:10)
[DEBUG] EP0 stalled - error (usb_device usb-device-0.3.2/src/macros.rs:10)
[TRACE] usb: bbb: poll (usbd_storage usbd-storage/src/fmt.rs:8)
[TRACE] usb: bbb: Read bytes: WOULD_BLOCK (usbd_storage usbd-storage/src/fmt.rs:8)
[TRACE] usb: scsi: poll (usbd_storage usbd-storage/src/fmt.rs:8)
[DEBUG] EP0: setup=1, in_complete=0, out=0 (usb_device usb-device-0.3.2/src/macros.rs:10)
[TRACE] Read 8 bytes on EP0-OUT: [128, 6, 0, 2, 0, 0, 9, 0] (usb_device usb-device-0.3.2/src/macros.rs:9)
[DEBUG] EP0 request received: Request { direction: In, request_type: Standard, recipient: Device, request: 6, value: 512, index: 0, length: 9 } (usb_device usb-device-0.3.2/src/macros.rs:10)
[TRACE] Processing Device::GetDescriptor (usb_device usb-device-0.3.2/src/macros.rs:9)
[TRACE] wrote EP0: [9, 2, 32, 0, 1, 1, 0, 128] (usb_device usb-device-0.3.2/src/macros.rs:9)
[TRACE] usb: bbb: poll (usbd_storage usbd-storage/src/fmt.rs:8)
[TRACE] usb: bbb: Read bytes: WOULD_BLOCK (usbd_storage usbd-storage/src/fmt.rs:8)
[TRACE] usb: scsi: poll (usbd_storage usbd-storage/src/fmt.rs:8)
[DEBUG] EP0: setup=0, in_complete=1, out=0 (usb_device usb-device-0.3.2/src/macros.rs:10)
[TRACE] wrote EP0: [50] (usb_device usb-device-0.3.2/src/macros.rs:9)
[TRACE] usb: bbb: poll (usbd_storage usbd-storage/src/fmt.rs:8)
[TRACE] usb: bbb: Read bytes: WOULD_BLOCK (usbd_storage usbd-storage/src/fmt.rs:8)
[TRACE] usb: scsi: poll (usbd_storage usbd-storage/src/fmt.rs:8)
[DEBUG] EP0: setup=0, in_complete=1, out=1 (usb_device usb-device-0.3.2/src/macros.rs:10)
[DEBUG] Control transfer completed. Current state: DataInLast (usb_device usb-device-0.3.2/src/macros.rs:10)
[TRACE] usb: bbb: poll (usbd_storage usbd-storage/src/fmt.rs:8)
[TRACE] usb: bbb: Read bytes: WOULD_BLOCK (usbd_storage usbd-storage/src/fmt.rs:8)
[TRACE] usb: scsi: poll (usbd_storage usbd-storage/src/fmt.rs:8)
[DEBUG] EP0: setup=1, in_complete=0, out=0 (usb_device usb-device-0.3.2/src/macros.rs:10)
[TRACE] Read 8 bytes on EP0-OUT: [128, 6, 0, 2, 0, 0, 32, 0] (usb_device usb-device-0.3.2/src/macros.rs:9)
[DEBUG] EP0 request received: Request { direction: In, request_type: Standard, recipient: Device, request: 6, value: 512, index: 0, length: 32 } (usb_device usb-device-0.3.2/src/macros.rs:10)
[TRACE] Processing Device::GetDescriptor (usb_device usb-device-0.3.2/src/macros.rs:9)
[TRACE] wrote EP0: [9, 2, 32, 0, 1, 1, 0, 128] (usb_device usb-device-0.3.2/src/macros.rs:9)
[TRACE] usb: bbb: poll (usbd_storage usbd-storage/src/fmt.rs:8)
[TRACE] usb: bbb: Read bytes: WOULD_BLOCK (usbd_storage usbd-storage/src/fmt.rs:8)
[TRACE] usb: scsi: poll (usbd_storage usbd-storage/src/fmt.rs:8)
[DEBUG] EP0: setup=0, in_complete=1, out=0 (usb_device usb-device-0.3.2/src/macros.rs:10)
[TRACE] wrote EP0: [50, 9, 4, 0, 0, 2, 8, 6] (usb_device usb-device-0.3.2/src/macros.rs:9)
[TRACE] usb: bbb: poll (usbd_storage usbd-storage/src/fmt.rs:8)
[TRACE] usb: bbb: Read bytes: WOULD_BLOCK (usbd_storage usbd-storage/src/fmt.rs:8)
[TRACE] usb: scsi: poll (usbd_storage usbd-storage/src/fmt.rs:8)
[DEBUG] EP0: setup=0, in_complete=1, out=0 (usb_device usb-device-0.3.2/src/macros.rs:10)
[TRACE] wrote EP0: [80, 0, 7, 5, 129, 2, 64, 0] (usb_device usb-device-0.3.2/src/macros.rs:9)
[TRACE] usb: bbb: poll (usbd_storage usbd-storage/src/fmt.rs:8)
[TRACE] usb: bbb: Read bytes: WOULD_BLOCK (usbd_storage usbd-storage/src/fmt.rs:8)
[TRACE] usb: scsi: poll (usbd_storage usbd-storage/src/fmt.rs:8)
[DEBUG] EP0: setup=0, in_complete=1, out=0 (usb_device usb-device-0.3.2/src/macros.rs:10)
[TRACE] wrote EP0: [0, 7, 5, 1, 2, 64, 0, 0] (usb_device usb-device-0.3.2/src/macros.rs:9)
[TRACE] usb: bbb: poll (usbd_storage usbd-storage/src/fmt.rs:8)
[TRACE] usb: bbb: Read bytes: WOULD_BLOCK (usbd_storage usbd-storage/src/fmt.rs:8)
[TRACE] usb: scsi: poll (usbd_storage usbd-storage/src/fmt.rs:8)
[DEBUG] EP0: setup=0, in_complete=1, out=1 (usb_device usb-device-0.3.2/src/macros.rs:10)
[DEBUG] Control transfer completed. Current state: DataInZlp (usb_device usb-device-0.3.2/src/macros.rs:10)
[TRACE] usb: bbb: poll (usbd_storage usbd-storage/src/fmt.rs:8)
[TRACE] usb: bbb: Read bytes: WOULD_BLOCK (usbd_storage usbd-storage/src/fmt.rs:8)
[TRACE] usb: scsi: poll (usbd_storage usbd-storage/src/fmt.rs:8)
[DEBUG] EP0: setup=1, in_complete=0, out=0 (usb_device usb-device-0.3.2/src/macros.rs:10)
[TRACE] Read 8 bytes on EP0-OUT: [128, 6, 0, 3, 0, 0, 255, 0] (usb_device usb-device-0.3.2/src/macros.rs:9)
[DEBUG] EP0 request received: Request { direction: In, request_type: Standard, recipient: Device, request: 6, value: 768, index: 0, length: 255 } (usb_device usb-device-0.3.2/src/macros.rs:10)
[TRACE] Processing Device::GetDescriptor (usb_device usb-device-0.3.2/src/macros.rs:9)
[TRACE] wrote EP0: [4, 3, 9, 0] (usb_device usb-device-0.3.2/src/macros.rs:9)
[TRACE] usb: bbb: poll (usbd_storage usbd-storage/src/fmt.rs:8)
[TRACE] usb: bbb: Read bytes: WOULD_BLOCK (usbd_storage usbd-storage/src/fmt.rs:8)
[TRACE] usb: scsi: poll (usbd_storage usbd-storage/src/fmt.rs:8)
[DEBUG] EP0: setup=0, in_complete=1, out=0 (usb_device usb-device-0.3.2/src/macros.rs:10)
[TRACE] usb: bbb: poll (usbd_storage usbd-storage/src/fmt.rs:8)
[TRACE] usb: bbb: Read bytes: WOULD_BLOCK (usbd_storage usbd-storage/src/fmt.rs:8)
[TRACE] usb: scsi: poll (usbd_storage usbd-storage/src/fmt.rs:8)
[DEBUG] EP0: setup=0, in_complete=0, out=1 (usb_device usb-device-0.3.2/src/macros.rs:10)
[DEBUG] Control transfer completed. Current state: StatusOut (usb_device usb-device-0.3.2/src/macros.rs:10)
[TRACE] usb: bbb: poll (usbd_storage usbd-storage/src/fmt.rs:8)
[TRACE] usb: bbb: Read bytes: WOULD_BLOCK (usbd_storage usbd-storage/src/fmt.rs:8)
[TRACE] usb: scsi: poll (usbd_storage usbd-storage/src/fmt.rs:8)
[DEBUG] EP0: setup=1, in_complete=0, out=0 (usb_device usb-device-0.3.2/src/macros.rs:10)
[TRACE] Read 8 bytes on EP0-OUT: [128, 6, 2, 3, 9, 0, 255, 0] (usb_device usb-device-0.3.2/src/macros.rs:9)
[DEBUG] EP0 request received: Request { direction: In, request_type: Standard, recipient: Device, request: 6, value: 770, index: 9, length: 255 } (usb_device usb-device-0.3.2/src/macros.rs:10)
[TRACE] Processing Device::GetDescriptor (usb_device usb-device-0.3.2/src/macros.rs:9)
[TRACE] wrote EP0: [32, 3, 83, 0, 84, 0, 77, 0] (usb_device usb-device-0.3.2/src/macros.rs:9)
[TRACE] usb: bbb: poll (usbd_storage usbd-storage/src/fmt.rs:8)
[TRACE] usb: bbb: Read bytes: WOULD_BLOCK (usbd_storage usbd-storage/src/fmt.rs:8)
[TRACE] usb: scsi: poll (usbd_storage usbd-storage/src/fmt.rs:8)
[DEBUG] EP0: setup=0, in_complete=1, out=0 (usb_device usb-device-0.3.2/src/macros.rs:10)
[TRACE] wrote EP0: [51, 0, 50, 0, 32, 0, 85, 0] (usb_device usb-device-0.3.2/src/macros.rs:9)
[TRACE] usb: bbb: poll (usbd_storage usbd-storage/src/fmt.rs:8)
[TRACE] usb: bbb: Read bytes: WOULD_BLOCK (usbd_storage usbd-storage/src/fmt.rs:8)
[TRACE] usb: scsi: poll (usbd_storage usbd-storage/src/fmt.rs:8)
[DEBUG] EP0: setup=0, in_complete=1, out=0 (usb_device usb-device-0.3.2/src/macros.rs:10)
[TRACE] wrote EP0: [83, 0, 66, 0, 32, 0, 70, 0] (usb_device usb-device-0.3.2/src/macros.rs:9)
[TRACE] usb: bbb: poll (usbd_storage usbd-storage/src/fmt.rs:8)
[TRACE] usb: bbb: Read bytes: WOULD_BLOCK (usbd_storage usbd-storage/src/fmt.rs:8)
[TRACE] usb: scsi: poll (usbd_storage usbd-storage/src/fmt.rs:8)
[DEBUG] EP0: setup=0, in_complete=1, out=0 (usb_device usb-device-0.3.2/src/macros.rs:10)
[TRACE] wrote EP0: [108, 0, 97, 0, 115, 0, 104, 0] (usb_device usb-device-0.3.2/src/macros.rs:9)
[TRACE] usb: bbb: poll (usbd_storage usbd-storage/src/fmt.rs:8)
[TRACE] usb: bbb: Read bytes: WOULD_BLOCK (usbd_storage usbd-storage/src/fmt.rs:8)
[TRACE] usb: scsi: poll (usbd_storage usbd-storage/src/fmt.rs:8)
[DEBUG] EP0: setup=0, in_complete=1, out=0 (usb_device usb-device-0.3.2/src/macros.rs:10)
[TRACE] wrote EP0: ZLP (usb_device usb-device-0.3.2/src/macros.rs:9)
[TRACE] usb: bbb: poll (usbd_storage usbd-storage/src/fmt.rs:8)
[TRACE] usb: bbb: Read bytes: WOULD_BLOCK (usbd_storage usbd-storage/src/fmt.rs:8)
[TRACE] usb: scsi: poll (usbd_storage usbd-storage/src/fmt.rs:8)
[DEBUG] EP0: setup=0, in_complete=1, out=1 (usb_device usb-device-0.3.2/src/macros.rs:10)
[DEBUG] Control transfer completed. Current state: DataInLast (usb_device usb-device-0.3.2/src/macros.rs:10)
[TRACE] usb: bbb: poll (usbd_storage usbd-storage/src/fmt.rs:8)
[TRACE] usb: bbb: Read bytes: WOULD_BLOCK (usbd_storage usbd-storage/src/fmt.rs:8)
[TRACE] usb: scsi: poll (usbd_storage usbd-storage/src/fmt.rs:8)
[DEBUG] EP0: setup=1, in_complete=0, out=0 (usb_device usb-device-0.3.2/src/macros.rs:10)
[TRACE] Read 8 bytes on EP0-OUT: [128, 6, 1, 3, 9, 0, 255, 0] (usb_device usb-device-0.3.2/src/macros.rs:9)
[DEBUG] EP0 request received: Request { direction: In, request_type: Standard, recipient: Device, request: 6, value: 769, index: 9, length: 255 } (usb_device usb-device-0.3.2/src/macros.rs:10)
[TRACE] Processing Device::GetDescriptor (usb_device usb-device-0.3.2/src/macros.rs:9)
[TRACE] wrote EP0: [16, 3, 70, 0, 111, 0, 111, 0] (usb_device usb-device-0.3.2/src/macros.rs:9)
[TRACE] usb: bbb: poll (usbd_storage usbd-storage/src/fmt.rs:8)
[TRACE] usb: bbb: Read bytes: WOULD_BLOCK (usbd_storage usbd-storage/src/fmt.rs:8)
[TRACE] usb: scsi: poll (usbd_storage usbd-storage/src/fmt.rs:8)
[DEBUG] EP0: setup=0, in_complete=1, out=0 (usb_device usb-device-0.3.2/src/macros.rs:10)
[TRACE] wrote EP0: [32, 0, 66, 0, 97, 0, 114, 0] (usb_device usb-device-0.3.2/src/macros.rs:9)
[TRACE] usb: bbb: poll (usbd_storage usbd-storage/src/fmt.rs:8)
[TRACE] usb: bbb: Read bytes: WOULD_BLOCK (usbd_storage usbd-storage/src/fmt.rs:8)
[TRACE] usb: scsi: poll (usbd_storage usbd-storage/src/fmt.rs:8)
[DEBUG] EP0: setup=0, in_complete=1, out=0 (usb_device usb-device-0.3.2/src/macros.rs:10)
[TRACE] wrote EP0: ZLP (usb_device usb-device-0.3.2/src/macros.rs:9)
[TRACE] usb: bbb: poll (usbd_storage usbd-storage/src/fmt.rs:8)
[TRACE] usb: bbb: Read bytes: WOULD_BLOCK (usbd_storage usbd-storage/src/fmt.rs:8)
[TRACE] usb: scsi: poll (usbd_storage usbd-storage/src/fmt.rs:8)
[DEBUG] EP0: setup=0, in_complete=1, out=1 (usb_device usb-device-0.3.2/src/macros.rs:10)
[DEBUG] Control transfer completed. Current state: DataInLast (usb_device usb-device-0.3.2/src/macros.rs:10)
[TRACE] usb: bbb: poll (usbd_storage usbd-storage/src/fmt.rs:8)
[TRACE] usb: bbb: Read bytes: WOULD_BLOCK (usbd_storage usbd-storage/src/fmt.rs:8)
[TRACE] usb: scsi: poll (usbd_storage usbd-storage/src/fmt.rs:8)
[DEBUG] EP0: setup=1, in_complete=0, out=0 (usb_device usb-device-0.3.2/src/macros.rs:10)
[TRACE] Read 8 bytes on EP0-OUT: [128, 6, 3, 3, 9, 0, 255, 0] (usb_device usb-device-0.3.2/src/macros.rs:9)
[DEBUG] EP0 request received: Request { direction: In, request_type: Standard, recipient: Device, request: 6, value: 771, index: 9, length: 255 } (usb_device usb-device-0.3.2/src/macros.rs:10)
[TRACE] Processing Device::GetDescriptor (usb_device usb-device-0.3.2/src/macros.rs:9)
[TRACE] wrote EP0: [46, 3, 70, 0, 79, 0, 79, 0] (usb_device usb-device-0.3.2/src/macros.rs:9)
[TRACE] usb: bbb: poll (usbd_storage usbd-storage/src/fmt.rs:8)
[TRACE] usb: bbb: Read bytes: WOULD_BLOCK (usbd_storage usbd-storage/src/fmt.rs:8)
[TRACE] usb: scsi: poll (usbd_storage usbd-storage/src/fmt.rs:8)
[DEBUG] EP0: setup=0, in_complete=1, out=0 (usb_device usb-device-0.3.2/src/macros.rs:10)
[TRACE] wrote EP0: [66, 0, 65, 0, 82, 0, 49, 0] (usb_device usb-device-0.3.2/src/macros.rs:9)
[TRACE] usb: bbb: poll (usbd_storage usbd-storage/src/fmt.rs:8)
[TRACE] usb: bbb: Read bytes: WOULD_BLOCK (usbd_storage usbd-storage/src/fmt.rs:8)
[TRACE] usb: scsi: poll (usbd_storage usbd-storage/src/fmt.rs:8)
[DEBUG] EP0: setup=0, in_complete=1, out=0 (usb_device usb-device-0.3.2/src/macros.rs:10)
[TRACE] wrote EP0: [50, 0, 51, 0, 52, 0, 53, 0] (usb_device usb-device-0.3.2/src/macros.rs:9)
[TRACE] usb: bbb: poll (usbd_storage usbd-storage/src/fmt.rs:8)
[TRACE] usb: bbb: Read bytes: WOULD_BLOCK (usbd_storage usbd-storage/src/fmt.rs:8)
[TRACE] usb: scsi: poll (usbd_storage usbd-storage/src/fmt.rs:8)
[DEBUG] EP0: setup=0, in_complete=1, out=0 (usb_device usb-device-0.3.2/src/macros.rs:10)
[TRACE] wrote EP0: [54, 0, 55, 0, 56, 0, 57, 0] (usb_device usb-device-0.3.2/src/macros.rs:9)
[TRACE] usb: bbb: poll (usbd_storage usbd-storage/src/fmt.rs:8)
[TRACE] usb: bbb: Read bytes: WOULD_BLOCK (usbd_storage usbd-storage/src/fmt.rs:8)
[TRACE] usb: scsi: poll (usbd_storage usbd-storage/src/fmt.rs:8)
[DEBUG] EP0: setup=0, in_complete=1, out=0 (usb_device usb-device-0.3.2/src/macros.rs:10)
[TRACE] wrote EP0: [48, 0, 65, 0, 66, 0, 67, 0] (usb_device usb-device-0.3.2/src/macros.rs:9)
[TRACE] usb: bbb: poll (usbd_storage usbd-storage/src/fmt.rs:8)
[TRACE] usb: bbb: Read bytes: WOULD_BLOCK (usbd_storage usbd-storage/src/fmt.rs:8)
[TRACE] usb: scsi: poll (usbd_storage usbd-storage/src/fmt.rs:8)
[DEBUG] EP0: setup=0, in_complete=1, out=0 (usb_device usb-device-0.3.2/src/macros.rs:10)
[TRACE] wrote EP0: [68, 0, 69, 0, 70, 0] (usb_device usb-device-0.3.2/src/macros.rs:9)
[TRACE] usb: bbb: poll (usbd_storage usbd-storage/src/fmt.rs:8)
[TRACE] usb: bbb: Read bytes: WOULD_BLOCK (usbd_storage usbd-storage/src/fmt.rs:8)
[TRACE] usb: scsi: poll (usbd_storage usbd-storage/src/fmt.rs:8)
[DEBUG] EP0: setup=0, in_complete=1, out=1 (usb_device usb-device-0.3.2/src/macros.rs:10)
[DEBUG] Control transfer completed. Current state: DataInLast (usb_device usb-device-0.3.2/src/macros.rs:10)
[TRACE] usb: bbb: poll (usbd_storage usbd-storage/src/fmt.rs:8)
[TRACE] usb: bbb: Read bytes: WOULD_BLOCK (usbd_storage usbd-storage/src/fmt.rs:8)
[TRACE] usb: scsi: poll (usbd_storage usbd-storage/src/fmt.rs:8)
[DEBUG] EP0: setup=1, in_complete=0, out=0 (usb_device usb-device-0.3.2/src/macros.rs:10)
[TRACE] Read 8 bytes on EP0-OUT: [0, 9, 1, 0, 0, 0, 0, 0] (usb_device usb-device-0.3.2/src/macros.rs:9)
[DEBUG] EP0 request received: Request { direction: Out, request_type: Standard, recipient: Device, request: 9, value: 1, index: 0, length: 0 } (usb_device usb-device-0.3.2/src/macros.rs:10)
[DEBUG] Device configured (usb_device usb-device-0.3.2/src/macros.rs:10)
[TRACE] usb: bbb: poll (usbd_storage usbd-storage/src/fmt.rs:8)
[TRACE] usb: bbb: Read bytes: WOULD_BLOCK (usbd_storage usbd-storage/src/fmt.rs:8)
[TRACE] usb: scsi: poll (usbd_storage usbd-storage/src/fmt.rs:8)
[DEBUG] EP0: setup=0, in_complete=1, out=0 (usb_device usb-device-0.3.2/src/macros.rs:10)
[TRACE] usb: bbb: poll (usbd_storage usbd-storage/src/fmt.rs:8)
[TRACE] usb: bbb: Read bytes: WOULD_BLOCK (usbd_storage usbd-storage/src/fmt.rs:8)
[TRACE] usb: scsi: poll (usbd_storage usbd-storage/src/fmt.rs:8)
[DEBUG] EP0: setup=1, in_complete=0, out=0 (usb_device usb-device-0.3.2/src/macros.rs:10)
[TRACE] Read 8 bytes on EP0-OUT: [161, 254, 0, 0, 0, 0, 1, 0] (usb_device usb-device-0.3.2/src/macros.rs:9)
[DEBUG] EP0 request received: Request { direction: In, request_type: Class, recipient: Interface, request: 254, value: 0, index: 0, length: 1 } (usb_device usb-device-0.3.2/src/macros.rs:10)
[TRACE] usb: bbb: Recv ctrl_in: Request { direction: In, request_type: Class, recipient: Interface, request: 254, value: 0, index: 0, length: 1 } (usbd_storage usbd-storage/src/fmt.rs:8)
[TRACE] wrote EP0: [0] (usb_device usb-device-0.3.2/src/macros.rs:9)
[TRACE] usb: bbb: poll (usbd_storage usbd-storage/src/fmt.rs:8)
[TRACE] usb: bbb: Read bytes: WOULD_BLOCK (usbd_storage usbd-storage/src/fmt.rs:8)
[TRACE] usb: scsi: poll (usbd_storage usbd-storage/src/fmt.rs:8)
[DEBUG] EP0: setup=0, in_complete=1, out=0 (usb_device usb-device-0.3.2/src/macros.rs:10)
[TRACE] usb: bbb: poll (usbd_storage usbd-storage/src/fmt.rs:8)
[TRACE] usb: bbb: Read bytes: WOULD_BLOCK (usbd_storage usbd-storage/src/fmt.rs:8)
[TRACE] usb: scsi: poll (usbd_storage usbd-storage/src/fmt.rs:8)
[DEBUG] EP0: setup=0, in_complete=0, out=1 (usb_device usb-device-0.3.2/src/macros.rs:10)
[DEBUG] Control transfer completed. Current state: StatusOut (usb_device usb-device-0.3.2/src/macros.rs:10)
[TRACE] usb: bbb: poll (usbd_storage usbd-storage/src/fmt.rs:8)
[TRACE] usb: bbb: Read bytes: WOULD_BLOCK (usbd_storage usbd-storage/src/fmt.rs:8)
[TRACE] usb: scsi: poll (usbd_storage usbd-storage/src/fmt.rs:8)
[TRACE] Handling EP1-OUT (usb_device usb-device-0.3.2/src/macros.rs:9)
[TRACE] usb: bbb: OUT EP out (usbd_storage usbd-storage/src/fmt.rs:8)
[TRACE] usb: bbb: poll (usbd_storage usbd-storage/src/fmt.rs:8)
[TRACE] usb: bbb: Read bytes: 31 (usbd_storage usbd-storage/src/fmt.rs:8)
[TRACE] usb: bbb: Recv CBW: CommandBlockWrapper { tag: 1, data_transfer_len: 36, direction: In, lun: 0, block_len: 6, block: [18, 0, 0, 0, 36, 0, 0, 0, 0, 0, 0, 0, 0, 0, 0, 0] } (usbd_storage usbd-storage/src/fmt.rs:8)
[TRACE] usb: bbb: enter DataTransferToHost (usbd_storage usbd-storage/src/fmt.rs:8)
[TRACE] usb: scsi: poll (usbd_storage usbd-storage/src/fmt.rs:8)
[DEBUG] usb: scsi: Command: Inquiry { evpd: false, page_code: 0, alloc_len: 36 } (usbd_storage usbd-storage/src/fmt.rs:30)
[INFO ] Handling: Inquiry { evpd: false, page_code: 0x0, alloc_len: 0x24 } (stm32f411x_scsi_bbb src/bin/stm32f411x_scsi_bbb.rs:156)
[DEBUG] usb: bbb: buf written: 36 (usbd_storage usbd-storage/src/fmt.rs:30)
[INFO ] usb: bbb: Set status: Passed (usbd_storage usbd-storage/src/fmt.rs:19)
[TRACE] usb: bbb: poll (usbd_storage usbd-storage/src/fmt.rs:8)
[TRACE] usb: bbb: enter DataTransferToHostEnding (usbd_storage usbd-storage/src/fmt.rs:8)
[TRACE] usb: bbb: Wrote bytes: 36 (usbd_storage usbd-storage/src/fmt.rs:8)
[TRACE] usb: bbb: Data residue: 0 (usbd_storage usbd-storage/src/fmt.rs:8)
[TRACE] Handling EP1-IN (usb_device usb-device-0.3.2/src/macros.rs:9)
[DEBUG] HELOOOO EndpointAddress(129) (usbd_storage usbd-storage/src/fmt.rs:30)
[TRACE] usb: bbb: IN EP in complete (usbd_storage usbd-storage/src/fmt.rs:8)
[TRACE] usb: bbb: poll (usbd_storage usbd-storage/src/fmt.rs:8)
[TRACE] usb: bbb: enter StatusTransfer (usbd_storage usbd-storage/src/fmt.rs:8)
[TRACE] usb: bbb: Wrote bytes: 13 (usbd_storage usbd-storage/src/fmt.rs:8)
[TRACE] usb: bbb: Data residue: 0 (usbd_storage usbd-storage/src/fmt.rs:8)
[TRACE] usb: scsi: poll (usbd_storage usbd-storage/src/fmt.rs:8)
[TRACE] Handling EP1-IN (usb_device usb-device-0.3.2/src/macros.rs:9)
[DEBUG] HELOOOO EndpointAddress(129) (usbd_storage usbd-storage/src/fmt.rs:30)
[TRACE] usb: bbb: IN EP in complete (usbd_storage usbd-storage/src/fmt.rs:8)
[TRACE] usb: bbb: poll (usbd_storage usbd-storage/src/fmt.rs:8)
[TRACE] usb: bbb: enter CommandTransfer (usbd_storage usbd-storage/src/fmt.rs:8)
[TRACE] usb: bbb: Read bytes: WOULD_BLOCK (usbd_storage usbd-storage/src/fmt.rs:8)
[TRACE] usb: scsi: poll (usbd_storage usbd-storage/src/fmt.rs:8)
[TRACE] Handling EP1-OUT (usb_device usb-device-0.3.2/src/macros.rs:9)
[TRACE] usb: bbb: OUT EP out (usbd_storage usbd-storage/src/fmt.rs:8)
[TRACE] usb: bbb: poll (usbd_storage usbd-storage/src/fmt.rs:8)
[TRACE] usb: bbb: Read bytes: 31 (usbd_storage usbd-storage/src/fmt.rs:8)
[TRACE] usb: bbb: Recv CBW: CommandBlockWrapper { tag: 2, data_transfer_len: 0, direction: NotExpected, lun: 0, block_len: 6, block: [0, 0, 0, 0, 0, 0, 0, 0, 0, 0, 0, 0, 0, 0, 0, 0] } (usbd_storage usbd-storage/src/fmt.rs:8)
[TRACE] usb: bbb: enter DataTransferNoData (usbd_storage usbd-storage/src/fmt.rs:8)
[TRACE] usb: bbb: enter DataTransferToHostStatusAwait (usbd_storage usbd-storage/src/fmt.rs:8)
[TRACE] usb: scsi: poll (usbd_storage usbd-storage/src/fmt.rs:8)
[DEBUG] usb: scsi: Command: TestUnitReady (usbd_storage usbd-storage/src/fmt.rs:30)
[INFO ] Handling: TestUnitReady (stm32f411x_scsi_bbb src/bin/stm32f411x_scsi_bbb.rs:156)
[INFO ] usb: bbb: Set status: Passed (usbd_storage usbd-storage/src/fmt.rs:19)
[TRACE] usb: bbb: poll (usbd_storage usbd-storage/src/fmt.rs:8)
[TRACE] usb: bbb: enter StatusTransfer (usbd_storage usbd-storage/src/fmt.rs:8)
[TRACE] usb: bbb: Wrote bytes: 13 (usbd_storage usbd-storage/src/fmt.rs:8)
[TRACE] usb: bbb: Data residue: 0 (usbd_storage usbd-storage/src/fmt.rs:8)
[TRACE] Handling EP1-IN (usb_device usb-device-0.3.2/src/macros.rs:9)
[DEBUG] HELOOOO EndpointAddress(129) (usbd_storage usbd-storage/src/fmt.rs:30)
[TRACE] usb: bbb: IN EP in complete (usbd_storage usbd-storage/src/fmt.rs:8)
[TRACE] usb: bbb: poll (usbd_storage usbd-storage/src/fmt.rs:8)
[TRACE] usb: bbb: enter CommandTransfer (usbd_storage usbd-storage/src/fmt.rs:8)
[TRACE] usb: bbb: Read bytes: WOULD_BLOCK (usbd_storage usbd-storage/src/fmt.rs:8)
[TRACE] usb: scsi: poll (usbd_storage usbd-storage/src/fmt.rs:8)
[TRACE] Handling EP1-OUT (usb_device usb-device-0.3.2/src/macros.rs:9)
[TRACE] usb: bbb: OUT EP out (usbd_storage usbd-storage/src/fmt.rs:8)
[TRACE] usb: bbb: poll (usbd_storage usbd-storage/src/fmt.rs:8)
[TRACE] usb: bbb: Read bytes: 31 (usbd_storage usbd-storage/src/fmt.rs:8)
[TRACE] usb: bbb: Recv CBW: CommandBlockWrapper { tag: 3, data_transfer_len: 8, direction: In, lun: 0, block_len: 10, block: [37, 0, 0, 0, 0, 0, 0, 0, 0, 0, 0, 0, 0, 0, 0, 0] } (usbd_storage usbd-storage/src/fmt.rs:8)
[TRACE] usb: bbb: enter DataTransferToHost (usbd_storage usbd-storage/src/fmt.rs:8)
[TRACE] usb: scsi: poll (usbd_storage usbd-storage/src/fmt.rs:8)
[DEBUG] usb: scsi: Command: ReadCapacity10 (usbd_storage usbd-storage/src/fmt.rs:30)
[INFO ] Handling: ReadCapacity10 (stm32f411x_scsi_bbb src/bin/stm32f411x_scsi_bbb.rs:156)
[DEBUG] usb: bbb: buf written: 8 (usbd_storage usbd-storage/src/fmt.rs:30)
[INFO ] usb: bbb: Set status: Passed (usbd_storage usbd-storage/src/fmt.rs:19)
[TRACE] usb: bbb: poll (usbd_storage usbd-storage/src/fmt.rs:8)
[TRACE] usb: bbb: enter DataTransferToHostEnding (usbd_storage usbd-storage/src/fmt.rs:8)
[TRACE] usb: bbb: Wrote bytes: 8 (usbd_storage usbd-storage/src/fmt.rs:8)
[TRACE] usb: bbb: Data residue: 0 (usbd_storage usbd-storage/src/fmt.rs:8)
[TRACE] Handling EP1-IN (usb_device usb-device-0.3.2/src/macros.rs:9)
[DEBUG] HELOOOO EndpointAddress(129) (usbd_storage usbd-storage/src/fmt.rs:30)
[TRACE] usb: bbb: IN EP in complete (usbd_storage usbd-storage/src/fmt.rs:8)
[TRACE] usb: bbb: poll (usbd_storage usbd-storage/src/fmt.rs:8)
[TRACE] usb: bbb: enter StatusTransfer (usbd_storage usbd-storage/src/fmt.rs:8)
[TRACE] usb: bbb: Wrote bytes: 13 (usbd_storage usbd-storage/src/fmt.rs:8)
[TRACE] usb: bbb: Data residue: 0 (usbd_storage usbd-storage/src/fmt.rs:8)
[TRACE] usb: scsi: poll (usbd_storage usbd-storage/src/fmt.rs:8)
[TRACE] Handling EP1-OUT (usb_device usb-device-0.3.2/src/macros.rs:9)
[TRACE] usb: bbb: OUT EP out (usbd_storage usbd-storage/src/fmt.rs:8)
[TRACE] Handling EP1-IN (usb_device usb-device-0.3.2/src/macros.rs:9)
[DEBUG] HELOOOO EndpointAddress(129) (usbd_storage usbd-storage/src/fmt.rs:30)
[TRACE] usb: bbb: IN EP in complete (usbd_storage usbd-storage/src/fmt.rs:8)
[TRACE] usb: bbb: poll (usbd_storage usbd-storage/src/fmt.rs:8)
[TRACE] usb: bbb: enter CommandTransfer (usbd_storage usbd-storage/src/fmt.rs:8)
[TRACE] usb: bbb: Read bytes: 31 (usbd_storage usbd-storage/src/fmt.rs:8)
[TRACE] usb: bbb: Recv CBW: CommandBlockWrapper { tag: 4, data_transfer_len: 512, direction: In, lun: 0, block_len: 10, block: [40, 0, 0, 0, 0, 0, 0, 0, 1, 0, 0, 0, 0, 0, 0, 0] } (usbd_storage usbd-storage/src/fmt.rs:8)
[TRACE] usb: bbb: enter DataTransferToHost (usbd_storage usbd-storage/src/fmt.rs:8)
[TRACE] usb: scsi: poll (usbd_storage usbd-storage/src/fmt.rs:8)
[DEBUG] usb: scsi: Command: Read { lba: 0, len: 1 } (usbd_storage usbd-storage/src/fmt.rs:30)
[INFO ] Handling: Read { lba: 0x0, len: 0x1 } (stm32f411x_scsi_bbb src/bin/stm32f411x_scsi_bbb.rs:156)
[INFO ] Data transfer >>>>>>>> [0..512] (stm32f411x_scsi_bbb src/bin/stm32f411x_scsi_bbb.rs:247)
[TRACE] usb: bbb: poll (usbd_storage usbd-storage/src/fmt.rs:8)
[TRACE] usb: bbb: Wrote bytes: 64 (usbd_storage usbd-storage/src/fmt.rs:8)
[TRACE] usb: bbb: Data residue: 448 (usbd_storage usbd-storage/src/fmt.rs:8)
[TRACE] Handling EP1-IN (usb_device usb-device-0.3.2/src/macros.rs:9)
[DEBUG] HELOOOO EndpointAddress(129) (usbd_storage usbd-storage/src/fmt.rs:30)
[TRACE] usb: bbb: IN EP in complete (usbd_storage usbd-storage/src/fmt.rs:8)
[TRACE] usb: bbb: poll (usbd_storage usbd-storage/src/fmt.rs:8)
[TRACE] usb: bbb: Wrote bytes: 64 (usbd_storage usbd-storage/src/fmt.rs:8)
[TRACE] usb: bbb: Data residue: 384 (usbd_storage usbd-storage/src/fmt.rs:8)
[TRACE] usb: scsi: poll (usbd_storage usbd-storage/src/fmt.rs:8)
[DEBUG] usb: scsi: Command: Read { lba: 0, len: 1 } (usbd_storage usbd-storage/src/fmt.rs:30)
[INFO ] Handling: Read { lba: 0x0, len: 0x1 } (stm32f411x_scsi_bbb src/bin/stm32f411x_scsi_bbb.rs:156)
[INFO ] usb: bbb: Set status: Passed (usbd_storage usbd-storage/src/fmt.rs:19)
[TRACE] usb: bbb: poll (usbd_storage usbd-storage/src/fmt.rs:8)
[TRACE] usb: bbb: enter DataTransferToHostEnding (usbd_storage usbd-storage/src/fmt.rs:8)
[TRACE] Handling EP1-IN (usb_device usb-device-0.3.2/src/macros.rs:9)
[DEBUG] HELOOOO EndpointAddress(129) (usbd_storage usbd-storage/src/fmt.rs:30)
[TRACE] usb: bbb: IN EP in complete (usbd_storage usbd-storage/src/fmt.rs:8)
[TRACE] usb: bbb: poll (usbd_storage usbd-storage/src/fmt.rs:8)
[TRACE] usb: bbb: Wrote bytes: 64 (usbd_storage usbd-storage/src/fmt.rs:8)
[TRACE] usb: bbb: Data residue: 320 (usbd_storage usbd-storage/src/fmt.rs:8)
[TRACE] usb: scsi: poll (usbd_storage usbd-storage/src/fmt.rs:8)
[TRACE] Handling EP1-IN (usb_device usb-device-0.3.2/src/macros.rs:9)
[DEBUG] HELOOOO EndpointAddress(129) (usbd_storage usbd-storage/src/fmt.rs:30)
[TRACE] usb: bbb: IN EP in complete (usbd_storage usbd-storage/src/fmt.rs:8)
[TRACE] usb: bbb: poll (usbd_storage usbd-storage/src/fmt.rs:8)
[TRACE] usb: bbb: Wrote bytes: 64 (usbd_storage usbd-storage/src/fmt.rs:8)
[TRACE] usb: bbb: Data residue: 256 (usbd_storage usbd-storage/src/fmt.rs:8)
[TRACE] usb: scsi: poll (usbd_storage usbd-storage/src/fmt.rs:8)
[TRACE] Handling EP1-IN (usb_device usb-device-0.3.2/src/macros.rs:9)
[DEBUG] HELOOOO EndpointAddress(129) (usbd_storage usbd-storage/src/fmt.rs:30)
[TRACE] usb: bbb: IN EP in complete (usbd_storage usbd-storage/src/fmt.rs:8)
[TRACE] usb: bbb: poll (usbd_storage usbd-storage/src/fmt.rs:8)
[TRACE] usb: bbb: Wrote bytes: 64 (usbd_storage usbd-storage/src/fmt.rs:8)
[TRACE] usb: bbb: Data residue: 192 (usbd_storage usbd-storage/src/fmt.rs:8)
[TRACE] usb: scsi: poll (usbd_storage usbd-storage/src/fmt.rs:8)
[TRACE] Handling EP1-IN (usb_device usb-device-0.3.2/src/macros.rs:9)
[DEBUG] HELOOOO EndpointAddress(129) (usbd_storage usbd-storage/src/fmt.rs:30)
[TRACE] usb: bbb: IN EP in complete (usbd_storage usbd-storage/src/fmt.rs:8)
[TRACE] usb: bbb: poll (usbd_storage usbd-storage/src/fmt.rs:8)
[TRACE] usb: bbb: Wrote bytes: 64 (usbd_storage usbd-storage/src/fmt.rs:8)
[TRACE] usb: bbb: Data residue: 128 (usbd_storage usbd-storage/src/fmt.rs:8)
[TRACE] usb: scsi: poll (usbd_storage usbd-storage/src/fmt.rs:8)
[TRACE] Handling EP1-IN (usb_device usb-device-0.3.2/src/macros.rs:9)
[DEBUG] HELOOOO EndpointAddress(129) (usbd_storage usbd-storage/src/fmt.rs:30)
[TRACE] usb: bbb: IN EP in complete (usbd_storage usbd-storage/src/fmt.rs:8)
[TRACE] usb: bbb: poll (usbd_storage usbd-storage/src/fmt.rs:8)
[TRACE] usb: bbb: Wrote bytes: 64 (usbd_storage usbd-storage/src/fmt.rs:8)
[TRACE] usb: bbb: Data residue: 64 (usbd_storage usbd-storage/src/fmt.rs:8)
[TRACE] usb: scsi: poll (usbd_storage usbd-storage/src/fmt.rs:8)
[TRACE] Handling EP1-IN (usb_device usb-device-0.3.2/src/macros.rs:9)
[DEBUG] HELOOOO EndpointAddress(129) (usbd_storage usbd-storage/src/fmt.rs:30)
[TRACE] usb: bbb: IN EP in complete (usbd_storage usbd-storage/src/fmt.rs:8)
[TRACE] usb: bbb: poll (usbd_storage usbd-storage/src/fmt.rs:8)
[TRACE] usb: bbb: Wrote bytes: 64 (usbd_storage usbd-storage/src/fmt.rs:8)
[TRACE] usb: bbb: Data residue: 0 (usbd_storage usbd-storage/src/fmt.rs:8)
[TRACE] usb: scsi: poll (usbd_storage usbd-storage/src/fmt.rs:8)
[TRACE] Handling EP1-IN (usb_device usb-device-0.3.2/src/macros.rs:9)
[DEBUG] HELOOOO EndpointAddress(129) (usbd_storage usbd-storage/src/fmt.rs:30)
[TRACE] usb: bbb: IN EP in complete (usbd_storage usbd-storage/src/fmt.rs:8)
[TRACE] usb: bbb: poll (usbd_storage usbd-storage/src/fmt.rs:8)
[TRACE] usb: bbb: enter StatusTransfer (usbd_storage usbd-storage/src/fmt.rs:8)
[TRACE] usb: bbb: Wrote bytes: 13 (usbd_storage usbd-storage/src/fmt.rs:8)
[TRACE] usb: bbb: Data residue: 0 (usbd_storage usbd-storage/src/fmt.rs:8)
[TRACE] usb: scsi: poll (usbd_storage usbd-storage/src/fmt.rs:8)
[TRACE] Handling EP1-OUT (usb_device usb-device-0.3.2/src/macros.rs:9)
[TRACE] usb: bbb: OUT EP out (usbd_storage usbd-storage/src/fmt.rs:8)
[TRACE] Handling EP1-IN (usb_device usb-device-0.3.2/src/macros.rs:9)
[DEBUG] HELOOOO EndpointAddress(129) (usbd_storage usbd-storage/src/fmt.rs:30)
[TRACE] usb: bbb: IN EP in complete (usbd_storage usbd-storage/src/fmt.rs:8)
[TRACE] usb: bbb: poll (usbd_storage usbd-storage/src/fmt.rs:8)
[TRACE] usb: bbb: enter CommandTransfer (usbd_storage usbd-storage/src/fmt.rs:8)
[TRACE] usb: bbb: Read bytes: 31 (usbd_storage usbd-storage/src/fmt.rs:8)
[TRACE] usb: bbb: Recv CBW: CommandBlockWrapper { tag: 5, data_transfer_len: 192, direction: In, lun: 0, block_len: 6, block: [26, 0, 63, 0, 192, 0, 0, 0, 0, 0, 0, 0, 0, 0, 0, 0] } (usbd_storage usbd-storage/src/fmt.rs:8)
[TRACE] usb: bbb: enter DataTransferToHost (usbd_storage usbd-storage/src/fmt.rs:8)
[TRACE] usb: scsi: poll (usbd_storage usbd-storage/src/fmt.rs:8)
[DEBUG] usb: scsi: Command: ModeSense6 { dbd: false, page_control: CurrentValues, page_code: 63, subpage_code: 0, alloc_len: 192 } (usbd_storage usbd-storage/src/fmt.rs:30)
[INFO ] Handling: ModeSense6 { dbd: false, page_control: CurrentValues, page_code: 0x3F, subpage_code: 0x0, alloc_len: 0xC0 } (stm32f411x_scsi_bbb src/bin/stm32f411x_scsi_bbb.rs:156)
[DEBUG] usb: bbb: buf written: 4 (usbd_storage usbd-storage/src/fmt.rs:30)
[INFO ] usb: bbb: Set status: Passed (usbd_storage usbd-storage/src/fmt.rs:19)
[TRACE] usb: bbb: poll (usbd_storage usbd-storage/src/fmt.rs:8)
[TRACE] usb: bbb: enter DataTransferToHostEnding (usbd_storage usbd-storage/src/fmt.rs:8)
[TRACE] usb: bbb: Wrote bytes: 4 (usbd_storage usbd-storage/src/fmt.rs:8)
[TRACE] usb: bbb: Data residue: 188 (usbd_storage usbd-storage/src/fmt.rs:8)
[TRACE] Handling EP1-IN (usb_device usb-device-0.3.2/src/macros.rs:9)
[DEBUG] HELOOOO EndpointAddress(129) (usbd_storage usbd-storage/src/fmt.rs:30)
[TRACE] usb: bbb: IN EP in complete (usbd_storage usbd-storage/src/fmt.rs:8)
[TRACE] usb: bbb: poll (usbd_storage usbd-storage/src/fmt.rs:8)
[TRACE] usb: bbb: Stall IN EP (usbd_storage usbd-storage/src/fmt.rs:8)
[TRACE] usb: bbb: enter DataTransferToHostStallClearAwait (usbd_storage usbd-storage/src/fmt.rs:8)
[TRACE] usb: scsi: poll (usbd_storage usbd-storage/src/fmt.rs:8)
[DEBUG] EP0: setup=1, in_complete=0, out=0 (usb_device usb-device-0.3.2/src/macros.rs:10)
[TRACE] Read 8 bytes on EP0-OUT: [2, 1, 0, 0, 129, 0, 0, 0] (usb_device usb-device-0.3.2/src/macros.rs:9)
[DEBUG] EP0 request received: Request { direction: Out, request_type: Standard, recipient: Endpoint, request: 1, value: 0, index: 129, length: 0 } (usb_device usb-device-0.3.2/src/macros.rs:10)
[TRACE] usb: bbb: Recv ENDPOINT_HALT for IN ep (usbd_storage usbd-storage/src/fmt.rs:8)
[TRACE] usb: bbb: Unstall IN EP (usbd_storage usbd-storage/src/fmt.rs:8)
[TRACE] usb: bbb: poll (usbd_storage usbd-storage/src/fmt.rs:8)
[TRACE] usb: scsi: poll (usbd_storage usbd-storage/src/fmt.rs:8)
[DEBUG] EP0: setup=0, in_complete=1, out=0 (usb_device usb-device-0.3.2/src/macros.rs:10)
[TRACE] usb: bbb: poll (usbd_storage usbd-storage/src/fmt.rs:8)
[TRACE] usb: scsi: poll (usbd_storage usbd-storage/src/fmt.rs:8)
